[debug] [2026-10-07T08:05:09.479Z] ----------------------------------------------------------------------
[debug] [2026-10-07T08:05:09.486Z] Command:       D:\Program Files\nodejs\node.exe C:\Users\mdtof\AppData\Local\npm-cache\_npx\ba4f1959e38407b5\node_modules\firebase-tools\lib\bin\firebase.js deploy --only hosting
[debug] [2026-10-07T08:05:09.487Z] CLI Version:   15.32.1
[debug] [2026-10-07T08:05:09.488Z] Platform:      win32
[debug] [2026-10-07T08:05:09.488Z] Node Version:  v24.21.0
[debug] [2026-10-07T08:05:09.489Z] Detected Agent: android_studio_agent
[debug] [2026-10-07T08:05:09.489Z] Time:          Wed Oct 07 2026 14:05:09 GMT+0600 (Bangladesh Standard Time)
[debug] [2026-10-07T08:05:09.489Z] ----------------------------------------------------------------------
[debug] 
[debug] [2026-10-07T08:05:18.540Z] > command requires scopes: ["email","openid","https://www.googleapis.com/auth/cloudplatformprojects.readonly","https://www.googleapis.com/auth/firebase","https://www.googleapis.com/auth/cloud-platform"]
[debug] [2026-10-07T08:05:18.542Z] > authorizing via signed-in user (bangoobit@gmail.com)
[debug] [2026-10-07T08:05:18.542Z] [iam] checking project imgstorage-c1224 for permissions ["firebase.projects.get","firebasehosting.sites.update"]
[debug] [2026-10-07T08:05:18.617Z] Checked if tokens are valid: true, expires at: 1791361665583
[debug] [2026-10-07T08:05:18.618Z] Checked if tokens are valid: true, expires at: 1791361665583
[debug] [2026-10-07T08:05:18.622Z] >>> [apiv2][query] POST https://cloudresourcemanager.googleapis.com/v1/projects/imgstorage-c1224:testIamPermissions [none]
[debug] [2026-10-07T08:05:18.623Z] >>> [apiv2][(partial)header] POST https://cloudresourcemanager.googleapis.com/v1/projects/imgstorage-c1224:testIamPermissions  x-goog-user-project=imgstorage-c1224
[debug] [2026-10-07T08:05:18.624Z] >>> [apiv2][body] POST https://cloudresourcemanager.googleapis.com/v1/projects/imgstorage-c1224:testIamPermissions {"permissions":["firebase.projects.get","firebasehosting.sites.update"]}
[debug] [2026-10-07T08:05:20.149Z] <<< [apiv2][status] POST https://cloudresourcemanager.googleapis.com/v1/projects/imgstorage-c1224:testIamPermissions 200
[debug] [2026-10-07T08:05:20.150Z] <<< [apiv2][body] POST https://cloudresourcemanager.googleapis.com/v1/projects/imgstorage-c1224:testIamPermissions {"permissions":["firebase.projects.get","firebasehosting.sites.update"]}
[debug] [2026-10-07T08:05:20.153Z] Checked if tokens are valid: true, expires at: 1791361665583
[debug] [2026-10-07T08:05:20.154Z] Checked if tokens are valid: true, expires at: 1791361665583
[debug] [2026-10-07T08:05:20.162Z] >>> [apiv2][query] GET https://firebase.googleapis.com/v1beta1/projects/imgstorage-c1224 [none]
[debug] [2026-10-07T08:05:21.006Z] <<< [apiv2][status] GET https://firebase.googleapis.com/v1beta1/projects/imgstorage-c1224 200
[debug] [2026-10-07T08:05:21.008Z] <<< [apiv2][body] GET https://firebase.googleapis.com/v1beta1/projects/imgstorage-c1224 {"projectId":"imgstorage-c1224","projectNumber":"930236936696","displayName":"imgstorage","name":"projects/imgstorage-c1224","resources":{"hostingSite":"imgstorage-c1224"},"state":"ACTIVE","labels":{"firebase":"enabled"},"etag":"1_211981da-c905-4e45-bd38-33a9d10ef291"}
[debug] [2026-10-07T08:05:35.844Z] defaultcredentials: writing to file C:\Users\mdtof\AppData\Roaming\firebase\bangoobit_gmail_com_application_default_credentials.json
[debug] [2026-10-07T08:05:35.856Z] Checked if tokens are valid: true, expires at: 1791361665583
[debug] [2026-10-07T08:05:35.857Z] Checked if tokens are valid: true, expires at: 1791361665583
[debug] [2026-10-07T08:05:35.857Z] >>> [apiv2][query] GET https://firebasehosting.googleapis.com/v1beta1/projects/imgstorage-c1224/sites pageToken=&pageSize=10
[debug] [2026-10-07T08:05:37.275Z] <<< [apiv2][status] GET https://firebasehosting.googleapis.com/v1beta1/projects/imgstorage-c1224/sites 200
[debug] [2026-10-07T08:05:37.276Z] <<< [apiv2][body] GET https://firebasehosting.googleapis.com/v1beta1/projects/imgstorage-c1224/sites {"sites":[{"name":"projects/imgstorage-c1224/sites/imgstorage-c1224","defaultUrl":"https://imgstorage-c1224.web.app","type":"DEFAULT_SITE"}]}
[debug] [2026-10-07T08:05:37.278Z] Checked if tokens are valid: true, expires at: 1791361665583
[debug] [2026-10-07T08:05:37.278Z] Checked if tokens are valid: true, expires at: 1791361665583
[debug] [2026-10-07T08:05:37.278Z] >>> [apiv2][query] GET https://firebasehosting.googleapis.com/v1beta1/projects/imgstorage-c1224/sites 
[debug] [2026-10-07T08:05:38.095Z] <<< [apiv2][status] GET https://firebasehosting.googleapis.com/v1beta1/projects/imgstorage-c1224/sites 200
[debug] [2026-10-07T08:05:38.095Z] <<< [apiv2][body] GET https://firebasehosting.googleapis.com/v1beta1/projects/imgstorage-c1224/sites {"sites":[{"name":"projects/imgstorage-c1224/sites/imgstorage-c1224","defaultUrl":"https://imgstorage-c1224.web.app","type":"DEFAULT_SITE"}]}
[debug] [2026-10-07T08:05:38.096Z] Checked if tokens are valid: true, expires at: 1791361665583
[debug] [2026-10-07T08:05:38.096Z] Checked if tokens are valid: true, expires at: 1791361665583
[debug] [2026-10-07T08:05:38.097Z] >>> [apiv2][query] GET https://firebase.googleapis.com/v1beta1/projects/imgstorage-c1224/webApps/-/config [none]
[debug] [2026-10-07T08:05:39.528Z] <<< [apiv2][status] GET https://firebase.googleapis.com/v1beta1/projects/imgstorage-c1224/webApps/-/config 200
[debug] [2026-10-07T08:05:39.528Z] <<< [apiv2][body] GET https://firebase.googleapis.com/v1beta1/projects/imgstorage-c1224/webApps/-/config {"projectId":"imgstorage-c1224","appId":"1:930236936696:web:a38dbcfcf60664774c660d","storageBucket":"imgstorage-c1224.firebasestorage.app","apiKey":"AIzaSyCfgodkab8NVnP4bbxQIUWDkEqZFff4J2I","authDomain":"imgstorage-c1224.firebaseapp.com","messagingSenderId":"930236936696","measurementId":"G-MZM301KPGW","projectNumber":"930236936696","version":"2"}
[info] 
   Thank you for trying our early preview of Next.js support on Firebase Hosting.
   During the preview, support is best-effort and breaking changes can be expected. Proceed with caution.
   The integration is known to work with Next.js version 12 - 16.0. You may encounter errors.

   Documentation: https://firebase.google.com/docs/hosting/frameworks/nextjs
   File a bug: https://github.com/firebase/firebase-tools/issues/new?template=bug_report.md
   Submit a feature request: https://github.com/firebase/firebase-tools/issues/new?template=feature_request.md

   We'd love to learn from you. Express your interest in helping us shape the future of Firebase Hosting: https://goo.gle/41enW5X

[debug] [2026-10-07T08:06:05.968Z] Checked if tokens are valid: true, expires at: 1791361665583
[debug] [2026-10-07T08:06:05.969Z] Checked if tokens are valid: true, expires at: 1791361665583
[debug] [2026-10-07T08:06:05.970Z] >>> [apiv2][query] GET https://firebasehosting.googleapis.com/v1beta1/projects/imgstorage-c1224/sites/imgstorage-c1224 [none]
[debug] [2026-10-07T08:06:07.166Z] <<< [apiv2][status] GET https://firebasehosting.googleapis.com/v1beta1/projects/imgstorage-c1224/sites/imgstorage-c1224 200
[debug] [2026-10-07T08:06:07.167Z] <<< [apiv2][body] GET https://firebasehosting.googleapis.com/v1beta1/projects/imgstorage-c1224/sites/imgstorage-c1224 {"name":"projects/imgstorage-c1224/sites/imgstorage-c1224","defaultUrl":"https://imgstorage-c1224.web.app","type":"DEFAULT_SITE"}
[info] ⚠ `images.domains` is deprecated in favor of `images.remotePatterns`. Please update next.config.ts to protect your application from malicious users.

[info] ▲ Next.js 16.2.2 (Turbopack)

[info] - Environments: .env
- Experiments (use with caution):
  · staleTimes


[info]   Creating an optimized production build ...

[info] ✓ Compiled successfully in 2.8min

[info]   Running TypeScript ...

[info]   Finished TypeScript in 116s ...

[info]   Collecting page data using 7 workers ...

[info]   Generating static pages using 7 workers (0/10) ...

[info]   Generating static pages using 7 workers (2/10) 

[info]   Generating static pages using 7 workers (4/10) 

[info]   Generating static pages using 7 workers (7/10) 

[info] ✓ Generating static pages using 7 workers (10/10) in 3.1s

[info]   Finalizing page optimization ...

[info] 

[info] Route (app)
┌ ○ /
├ ○ /_not-found
├ ƒ /api/auth/[...nextauth]
├ ƒ /api/images/[slug]
├ ƒ /api/keys
├ ƒ /api/keys/[id]
├ ƒ /api/telegram-config
├ ƒ /api/v1/images
├ ƒ /api/v1/images/[slug]
├ ƒ /api/v1/upload
├ ƒ /api/v1/upload-dashboard
├ ƒ /dashboard
├ ƒ /dashboard/api-keys
├ ƒ /dashboard/docs
├ ƒ /dashboard/images
├ ○ /dashboard/telegram
├ ƒ /i/[slug]
├ ○ /login
├ ○ /privacy
└ ○ /terms


[info] 
○  (Static)   prerendered as static content
ƒ  (Dynamic)  server-rendered on demand


[info] Building a Cloud Function to run this application. This is needed due to:
[info]  • non-static component /api/auth/[...nextauth]/route
[info]  • non-static component /api/images/[slug]/route
[info]  • non-static component /api/keys/[id]/route
[info]  • non-static component /api/keys/route
[info]  • non-static component /api/telegram-config/route
[debug] [2026-10-07T08:13:15.006Z]  • non-static component /api/v1/images/[slug]/route
[debug] [2026-10-07T08:13:15.007Z]  • non-static component /api/v1/images/route
[debug] [2026-10-07T08:13:15.007Z]  • non-static component /api/v1/upload-dashboard/route
[debug] [2026-10-07T08:13:15.007Z]  • non-static component /api/v1/upload/route
[debug] [2026-10-07T08:13:15.007Z]  • non-static component /dashboard/api-keys/page
[debug] [2026-10-07T08:13:15.007Z]  • non-static component /dashboard/docs/page
[debug] [2026-10-07T08:13:15.008Z]  • non-static component /dashboard/images/page
[debug] [2026-10-07T08:13:15.008Z]  • non-static component /dashboard/page
[debug] [2026-10-07T08:13:15.008Z]  • non-static component /i/[slug]/route
[info]  • and 9 other reasons, use --debug to see more
[info] 
[debug] [2026-10-07T08:13:48.744Z] Checked if tokens are valid: false, expires at: 1791361665583
[debug] [2026-10-07T08:13:48.746Z] Checked if tokens are valid: false, expires at: 1791361665583
[debug] [2026-10-07T08:13:48.747Z] > refreshing access token with scopes: []
[debug] [2026-10-07T08:13:48.753Z] >>> [apiv2][query] POST https://www.googleapis.com/oauth2/v3/token [none]
[debug] [2026-10-07T08:13:48.753Z] >>> [apiv2][body] POST https://www.googleapis.com/oauth2/v3/token [omitted]
[debug] [2026-10-07T08:13:49.129Z] <<< [apiv2][status] POST https://www.googleapis.com/oauth2/v3/token 200
[debug] [2026-10-07T08:13:49.129Z] <<< [apiv2][body] POST https://www.googleapis.com/oauth2/v3/token [omitted]
[debug] [2026-10-07T08:13:49.245Z] >>> [apiv2][query] GET https://firebasehosting.googleapis.com/v1beta1/projects/imgstorage-c1224/sites/imgstorage-c1224 [none]
[debug] [2026-10-07T08:13:50.517Z] <<< [apiv2][status] GET https://firebasehosting.googleapis.com/v1beta1/projects/imgstorage-c1224/sites/imgstorage-c1224 200
[debug] [2026-10-07T08:13:50.517Z] <<< [apiv2][body] GET https://firebasehosting.googleapis.com/v1beta1/projects/imgstorage-c1224/sites/imgstorage-c1224 {"name":"projects/imgstorage-c1224/sites/imgstorage-c1224","defaultUrl":"https://imgstorage-c1224.web.app","type":"DEFAULT_SITE"}
[debug] [2026-10-07T08:16:44.598Z] ----------------------------------------------------------------------
[debug] [2026-10-07T08:16:44.606Z] Command:       D:\Program Files\nodejs\node.exe C:\Users\mdtof\AppData\Local\npm-cache\_npx\ba4f1959e38407b5\node_modules\firebase-tools\lib\bin\firebase.js deploy --only hosting
[debug] [2026-10-07T08:16:44.607Z] CLI Version:   15.32.1
[debug] [2026-10-07T08:16:44.608Z] Platform:      win32
[debug] [2026-10-07T08:16:44.608Z] Node Version:  v24.21.0
[debug] [2026-10-07T08:16:44.608Z] Detected Agent: android_studio_agent
[debug] [2026-10-07T08:16:44.609Z] Time:          Wed Oct 07 2026 14:16:44 GMT+0600 (Bangladesh Standard Time)
[debug] [2026-10-07T08:16:44.609Z] ----------------------------------------------------------------------
[debug] 
[debug] [2026-10-07T08:16:50.751Z] > command requires scopes: ["email","openid","https://www.googleapis.com/auth/cloudplatformprojects.readonly","https://www.googleapis.com/auth/firebase","https://www.googleapis.com/auth/cloud-platform"]
[debug] [2026-10-07T08:16:50.752Z] > authorizing via signed-in user (bangoobit@gmail.com)
[debug] [2026-10-07T08:16:50.752Z] [iam] checking project imgstorage-c1224 for permissions ["firebase.projects.get","firebasehosting.sites.update"]
[debug] [2026-10-07T08:16:50.798Z] Checked if tokens are valid: true, expires at: 1791364428130
[debug] [2026-10-07T08:16:50.798Z] Checked if tokens are valid: true, expires at: 1791364428130
[debug] [2026-10-07T08:16:50.802Z] >>> [apiv2][query] POST https://cloudresourcemanager.googleapis.com/v1/projects/imgstorage-c1224:testIamPermissions [none]
[debug] [2026-10-07T08:16:50.803Z] >>> [apiv2][(partial)header] POST https://cloudresourcemanager.googleapis.com/v1/projects/imgstorage-c1224:testIamPermissions  x-goog-user-project=imgstorage-c1224
[debug] [2026-10-07T08:16:50.803Z] >>> [apiv2][body] POST https://cloudresourcemanager.googleapis.com/v1/projects/imgstorage-c1224:testIamPermissions {"permissions":["firebase.projects.get","firebasehosting.sites.update"]}
[debug] [2026-10-07T08:16:52.671Z] <<< [apiv2][status] POST https://cloudresourcemanager.googleapis.com/v1/projects/imgstorage-c1224:testIamPermissions 200
[debug] [2026-10-07T08:16:52.671Z] <<< [apiv2][body] POST https://cloudresourcemanager.googleapis.com/v1/projects/imgstorage-c1224:testIamPermissions {"permissions":["firebase.projects.get","firebasehosting.sites.update"]}
[debug] [2026-10-07T08:16:52.674Z] Checked if tokens are valid: true, expires at: 1791364428130
[debug] [2026-10-07T08:16:52.674Z] Checked if tokens are valid: true, expires at: 1791364428130
[debug] [2026-10-07T08:16:52.675Z] >>> [apiv2][query] GET https://firebase.googleapis.com/v1beta1/projects/imgstorage-c1224 [none]
[debug] [2026-10-07T08:16:53.483Z] <<< [apiv2][status] GET https://firebase.googleapis.com/v1beta1/projects/imgstorage-c1224 200
[debug] [2026-10-07T08:16:53.484Z] <<< [apiv2][body] GET https://firebase.googleapis.com/v1beta1/projects/imgstorage-c1224 {"projectId":"imgstorage-c1224","projectNumber":"930236936696","displayName":"imgstorage","name":"projects/imgstorage-c1224","resources":{"hostingSite":"imgstorage-c1224"},"state":"ACTIVE","labels":{"firebase":"enabled"},"etag":"1_211981da-c905-4e45-bd38-33a9d10ef291"}
[debug] [2026-10-07T08:17:06.324Z] defaultcredentials: writing to file C:\Users\mdtof\AppData\Roaming\firebase\bangoobit_gmail_com_application_default_credentials.json
[debug] [2026-10-07T08:17:06.335Z] Checked if tokens are valid: true, expires at: 1791364428130
[debug] [2026-10-07T08:17:06.335Z] Checked if tokens are valid: true, expires at: 1791364428130
[debug] [2026-10-07T08:17:06.336Z] >>> [apiv2][query] GET https://firebasehosting.googleapis.com/v1beta1/projects/imgstorage-c1224/sites pageToken=&pageSize=10
[debug] [2026-10-07T08:17:07.738Z] <<< [apiv2][status] GET https://firebasehosting.googleapis.com/v1beta1/projects/imgstorage-c1224/sites 200
[debug] [2026-10-07T08:17:07.738Z] <<< [apiv2][body] GET https://firebasehosting.googleapis.com/v1beta1/projects/imgstorage-c1224/sites {"sites":[{"name":"projects/imgstorage-c1224/sites/imgstorage-c1224","defaultUrl":"https://imgstorage-c1224.web.app","type":"DEFAULT_SITE"}]}
[debug] [2026-10-07T08:17:07.741Z] Checked if tokens are valid: true, expires at: 1791364428130
[debug] [2026-10-07T08:17:07.741Z] Checked if tokens are valid: true, expires at: 1791364428130
[debug] [2026-10-07T08:17:07.742Z] >>> [apiv2][query] GET https://firebasehosting.googleapis.com/v1beta1/projects/imgstorage-c1224/sites 
[debug] [2026-10-07T08:17:08.506Z] <<< [apiv2][status] GET https://firebasehosting.googleapis.com/v1beta1/projects/imgstorage-c1224/sites 200
[debug] [2026-10-07T08:17:08.506Z] <<< [apiv2][body] GET https://firebasehosting.googleapis.com/v1beta1/projects/imgstorage-c1224/sites {"sites":[{"name":"projects/imgstorage-c1224/sites/imgstorage-c1224","defaultUrl":"https://imgstorage-c1224.web.app","type":"DEFAULT_SITE"}]}
[debug] [2026-10-07T08:17:08.507Z] Checked if tokens are valid: true, expires at: 1791364428130
[debug] [2026-10-07T08:17:08.507Z] Checked if tokens are valid: true, expires at: 1791364428130
[debug] [2026-10-07T08:17:08.508Z] >>> [apiv2][query] GET https://firebase.googleapis.com/v1beta1/projects/imgstorage-c1224/webApps/-/config [none]
[debug] [2026-10-07T08:17:09.893Z] <<< [apiv2][status] GET https://firebase.googleapis.com/v1beta1/projects/imgstorage-c1224/webApps/-/config 200
[debug] [2026-10-07T08:17:09.893Z] <<< [apiv2][body] GET https://firebase.googleapis.com/v1beta1/projects/imgstorage-c1224/webApps/-/config {"projectId":"imgstorage-c1224","appId":"1:930236936696:web:a38dbcfcf60664774c660d","storageBucket":"imgstorage-c1224.firebasestorage.app","apiKey":"AIzaSyCfgodkab8NVnP4bbxQIUWDkEqZFff4J2I","authDomain":"imgstorage-c1224.firebaseapp.com","messagingSenderId":"930236936696","measurementId":"G-MZM301KPGW","projectNumber":"930236936696","version":"2"}
[info] 
   Thank you for trying our early preview of Next.js support on Firebase Hosting.
   During the preview, support is best-effort and breaking changes can be expected. Proceed with caution.
   The integration is known to work with Next.js version 12 - 16.0. You may encounter errors.

   Documentation: https://firebase.google.com/docs/hosting/frameworks/nextjs
   File a bug: https://github.com/firebase/firebase-tools/issues/new?template=bug_report.md
   Submit a feature request: https://github.com/firebase/firebase-tools/issues/new?template=feature_request.md

   We'd love to learn from you. Express your interest in helping us shape the future of Firebase Hosting: https://goo.gle/41enW5X

[debug] [2026-10-07T08:17:37.755Z] Checked if tokens are valid: true, expires at: 1791364428130
[debug] [2026-10-07T08:17:37.755Z] Checked if tokens are valid: true, expires at: 1791364428130
[debug] [2026-10-07T08:17:37.756Z] >>> [apiv2][query] GET https://firebasehosting.googleapis.com/v1beta1/projects/imgstorage-c1224/sites/imgstorage-c1224 [none]
[debug] [2026-10-07T08:17:39.052Z] <<< [apiv2][status] GET https://firebasehosting.googleapis.com/v1beta1/projects/imgstorage-c1224/sites/imgstorage-c1224 200
[debug] [2026-10-07T08:17:39.052Z] <<< [apiv2][body] GET https://firebasehosting.googleapis.com/v1beta1/projects/imgstorage-c1224/sites/imgstorage-c1224 {"name":"projects/imgstorage-c1224/sites/imgstorage-c1224","defaultUrl":"https://imgstorage-c1224.web.app","type":"DEFAULT_SITE"}
[info] ⚠ `images.domains` is deprecated in favor of `images.remotePatterns`. Please update next.config.ts to protect your application from malicious users.

[info] ▲ Next.js 16.2.2 (Turbopack)

[info] - Environments: .env
- Experiments (use with caution):
  · staleTimes


[info]   Creating an optimized production build ...

[debug] [2026-10-07T08:18:43.991Z] ----------------------------------------------------------------------
[debug] [2026-10-07T08:18:43.996Z] Command:       D:\Program Files\nodejs\node.exe C:\Users\mdtof\AppData\Local\npm-cache\_npx\ba4f1959e38407b5\node_modules\firebase-tools\lib\bin\firebase.js deploy --only hosting
[debug] [2026-10-07T08:18:43.997Z] CLI Version:   15.32.1
[debug] [2026-10-07T08:18:43.997Z] Platform:      win32
[debug] [2026-10-07T08:18:43.997Z] Node Version:  v24.21.0
[debug] [2026-10-07T08:18:43.998Z] Detected Agent: android_studio_agent
[debug] [2026-10-07T08:18:43.998Z] Time:          Wed Oct 07 2026 14:18:43 GMT+0600 (Bangladesh Standard Time)
[debug] [2026-10-07T08:18:43.998Z] ----------------------------------------------------------------------
[debug] 
[debug] [2026-10-07T08:18:48.333Z] > command requires scopes: ["email","openid","https://www.googleapis.com/auth/cloudplatformprojects.readonly","https://www.googleapis.com/auth/firebase","https://www.googleapis.com/auth/cloud-platform"]
[debug] [2026-10-07T08:18:48.335Z] > authorizing via signed-in user (bangoobit@gmail.com)
[debug] [2026-10-07T08:18:48.335Z] [iam] checking project imgstorage-c1224 for permissions ["firebase.projects.get","firebasehosting.sites.update"]
[debug] [2026-10-07T08:18:48.382Z] Checked if tokens are valid: true, expires at: 1791364428130
[debug] [2026-10-07T08:18:48.382Z] Checked if tokens are valid: true, expires at: 1791364428130
[debug] [2026-10-07T08:18:48.386Z] >>> [apiv2][query] POST https://cloudresourcemanager.googleapis.com/v1/projects/imgstorage-c1224:testIamPermissions [none]
[debug] [2026-10-07T08:18:48.387Z] >>> [apiv2][(partial)header] POST https://cloudresourcemanager.googleapis.com/v1/projects/imgstorage-c1224:testIamPermissions  x-goog-user-project=imgstorage-c1224
[debug] [2026-10-07T08:18:48.387Z] >>> [apiv2][body] POST https://cloudresourcemanager.googleapis.com/v1/projects/imgstorage-c1224:testIamPermissions {"permissions":["firebase.projects.get","firebasehosting.sites.update"]}
[debug] [2026-10-07T08:18:49.853Z] <<< [apiv2][status] POST https://cloudresourcemanager.googleapis.com/v1/projects/imgstorage-c1224:testIamPermissions 200
[debug] [2026-10-07T08:18:49.854Z] <<< [apiv2][body] POST https://cloudresourcemanager.googleapis.com/v1/projects/imgstorage-c1224:testIamPermissions {"permissions":["firebase.projects.get","firebasehosting.sites.update"]}
[debug] [2026-10-07T08:18:49.855Z] Checked if tokens are valid: true, expires at: 1791364428130
[debug] [2026-10-07T08:18:49.856Z] Checked if tokens are valid: true, expires at: 1791364428130
[debug] [2026-10-07T08:18:49.856Z] >>> [apiv2][query] GET https://firebase.googleapis.com/v1beta1/projects/imgstorage-c1224 [none]
[debug] [2026-10-07T08:18:50.567Z] <<< [apiv2][status] GET https://firebase.googleapis.com/v1beta1/projects/imgstorage-c1224 200
[debug] [2026-10-07T08:18:50.567Z] <<< [apiv2][body] GET https://firebase.googleapis.com/v1beta1/projects/imgstorage-c1224 {"projectId":"imgstorage-c1224","projectNumber":"930236936696","displayName":"imgstorage","name":"projects/imgstorage-c1224","resources":{"hostingSite":"imgstorage-c1224"},"state":"ACTIVE","labels":{"firebase":"enabled"},"etag":"1_211981da-c905-4e45-bd38-33a9d10ef291"}
[debug] [2026-10-07T08:19:01.935Z] defaultcredentials: writing to file C:\Users\mdtof\AppData\Roaming\firebase\bangoobit_gmail_com_application_default_credentials.json
[debug] [2026-10-07T08:19:01.951Z] Checked if tokens are valid: true, expires at: 1791364428130
[debug] [2026-10-07T08:19:01.951Z] Checked if tokens are valid: true, expires at: 1791364428130
[debug] [2026-10-07T08:19:01.952Z] >>> [apiv2][query] GET https://firebasehosting.googleapis.com/v1beta1/projects/imgstorage-c1224/sites pageToken=&pageSize=10
[debug] [2026-10-07T08:19:04.016Z] <<< [apiv2][status] GET https://firebasehosting.googleapis.com/v1beta1/projects/imgstorage-c1224/sites 200
[debug] [2026-10-07T08:19:04.017Z] <<< [apiv2][body] GET https://firebasehosting.googleapis.com/v1beta1/projects/imgstorage-c1224/sites {"sites":[{"name":"projects/imgstorage-c1224/sites/imgstorage-c1224","defaultUrl":"https://imgstorage-c1224.web.app","type":"DEFAULT_SITE"}]}
[debug] [2026-10-07T08:19:04.018Z] Checked if tokens are valid: true, expires at: 1791364428130
[debug] [2026-10-07T08:19:04.019Z] Checked if tokens are valid: true, expires at: 1791364428130
[debug] [2026-10-07T08:19:04.019Z] >>> [apiv2][query] GET https://firebasehosting.googleapis.com/v1beta1/projects/imgstorage-c1224/sites 
[debug] [2026-10-07T08:19:04.853Z] <<< [apiv2][status] GET https://firebasehosting.googleapis.com/v1beta1/projects/imgstorage-c1224/sites 200
[debug] [2026-10-07T08:19:04.853Z] <<< [apiv2][body] GET https://firebasehosting.googleapis.com/v1beta1/projects/imgstorage-c1224/sites {"sites":[{"name":"projects/imgstorage-c1224/sites/imgstorage-c1224","defaultUrl":"https://imgstorage-c1224.web.app","type":"DEFAULT_SITE"}]}
[debug] [2026-10-07T08:19:04.854Z] Checked if tokens are valid: true, expires at: 1791364428130
[debug] [2026-10-07T08:19:04.854Z] Checked if tokens are valid: true, expires at: 1791364428130
[debug] [2026-10-07T08:19:04.854Z] >>> [apiv2][query] GET https://firebase.googleapis.com/v1beta1/projects/imgstorage-c1224/webApps/-/config [none]
[debug] [2026-10-07T08:19:06.099Z] <<< [apiv2][status] GET https://firebase.googleapis.com/v1beta1/projects/imgstorage-c1224/webApps/-/config 200
[debug] [2026-10-07T08:19:06.100Z] <<< [apiv2][body] GET https://firebase.googleapis.com/v1beta1/projects/imgstorage-c1224/webApps/-/config {"projectId":"imgstorage-c1224","appId":"1:930236936696:web:a38dbcfcf60664774c660d","storageBucket":"imgstorage-c1224.firebasestorage.app","apiKey":"AIzaSyCfgodkab8NVnP4bbxQIUWDkEqZFff4J2I","authDomain":"imgstorage-c1224.firebaseapp.com","messagingSenderId":"930236936696","measurementId":"G-MZM301KPGW","projectNumber":"930236936696","version":"2"}
[info] 
   Thank you for trying our early preview of Next.js support on Firebase Hosting.
   During the preview, support is best-effort and breaking changes can be expected. Proceed with caution.
   The integration is known to work with Next.js version 12 - 16.0. You may encounter errors.

   Documentation: https://firebase.google.com/docs/hosting/frameworks/nextjs
   File a bug: https://github.com/firebase/firebase-tools/issues/new?template=bug_report.md
   Submit a feature request: https://github.com/firebase/firebase-tools/issues/new?template=feature_request.md

   We'd love to learn from you. Express your interest in helping us shape the future of Firebase Hosting: https://goo.gle/41enW5X

[debug] [2026-10-07T08:19:29.624Z] Checked if tokens are valid: true, expires at: 1791364428130
[debug] [2026-10-07T08:19:29.625Z] Checked if tokens are valid: true, expires at: 1791364428130
[debug] [2026-10-07T08:19:29.625Z] >>> [apiv2][query] GET https://firebasehosting.googleapis.com/v1beta1/projects/imgstorage-c1224/sites/imgstorage-c1224 [none]
[debug] [2026-10-07T08:19:30.867Z] <<< [apiv2][status] GET https://firebasehosting.googleapis.com/v1beta1/projects/imgstorage-c1224/sites/imgstorage-c1224 200
[debug] [2026-10-07T08:19:30.867Z] <<< [apiv2][body] GET https://firebasehosting.googleapis.com/v1beta1/projects/imgstorage-c1224/sites/imgstorage-c1224 {"name":"projects/imgstorage-c1224/sites/imgstorage-c1224","defaultUrl":"https://imgstorage-c1224.web.app","type":"DEFAULT_SITE"}
[info] ⚠ `images.domains` is deprecated in favor of `images.remotePatterns`. Please update next.config.ts to protect your application from malicious users.

[info] ▲ Next.js 16.2.2 (Turbopack)

[info] - Environments: .env
- Experiments (use with caution):
  · staleTimes


[info]   Creating an optimized production build ...

[info] ✓ Compiled successfully in 53s

[info]   Running TypeScript ...

[info]   Finished TypeScript in 18.7s ...

[info]   Collecting page data using 7 workers ...

[info]   Generating static pages using 7 workers (0/10) ...

[info]   Generating static pages using 7 workers (2/10) 

[info]   Generating static pages using 7 workers (4/10) 

[info]   Generating static pages using 7 workers (7/10) 

[info] ✓ Generating static pages using 7 workers (10/10) in 1187ms

[info]   Finalizing page optimization ...

[info] 

[info] Route (app)
┌ ○ /
├ ○ /_not-found
├ ƒ /api/auth/[...nextauth]
├ ƒ /api/images/[slug]
├ ƒ /api/keys
├ ƒ /api/keys/[id]
├ ƒ /api/telegram-config
├ ƒ /api/v1/images
├ ƒ /api/v1/images/[slug]
├ ƒ /api/v1/upload
├ ƒ /api/v1/upload-dashboard
├ ƒ /dashboard
├ ƒ /dashboard/api-keys
├ ƒ /dashboard/docs
├ ƒ /dashboard/images
├ ○ /dashboard/telegram
├ ƒ /i/[slug]
├ ○ /login
├ ○ /privacy
└ ○ /terms


[info] 
○  (Static)   prerendered as static content
ƒ  (Dynamic)  server-rendered on demand


[info] Building a Cloud Function to run this application. This is needed due to:
[info]  • non-static component /api/auth/[...nextauth]/route
[info]  • non-static component /api/images/[slug]/route
[info]  • non-static component /api/keys/[id]/route
[info]  • non-static component /api/keys/route
[info]  • non-static component /api/telegram-config/route
[debug] [2026-10-07T08:21:01.385Z]  • non-static component /api/v1/images/[slug]/route
[debug] [2026-10-07T08:21:01.385Z]  • non-static component /api/v1/images/route
[debug] [2026-10-07T08:21:01.385Z]  • non-static component /api/v1/upload-dashboard/route
[debug] [2026-10-07T08:21:01.386Z]  • non-static component /api/v1/upload/route
[debug] [2026-10-07T08:21:01.386Z]  • non-static component /dashboard/api-keys/page
[debug] [2026-10-07T08:21:01.386Z]  • non-static component /dashboard/docs/page
[debug] [2026-10-07T08:21:01.386Z]  • non-static component /dashboard/images/page
[debug] [2026-10-07T08:21:01.386Z]  • non-static component /dashboard/page
[debug] [2026-10-07T08:21:01.386Z]  • non-static component /i/[slug]/route
[info]  • and 9 other reasons, use --debug to see more
[info] 
[debug] [2026-10-07T08:21:21.000Z] Checked if tokens are valid: true, expires at: 1791364428130
[debug] [2026-10-07T08:21:21.000Z] Checked if tokens are valid: true, expires at: 1791364428130
[debug] [2026-10-07T08:21:21.001Z] >>> [apiv2][query] GET https://firebasehosting.googleapis.com/v1beta1/projects/imgstorage-c1224/sites/imgstorage-c1224 [none]
[debug] [2026-10-07T08:21:22.312Z] <<< [apiv2][status] GET https://firebasehosting.googleapis.com/v1beta1/projects/imgstorage-c1224/sites/imgstorage-c1224 200
[debug] [2026-10-07T08:21:22.313Z] <<< [apiv2][body] GET https://firebasehosting.googleapis.com/v1beta1/projects/imgstorage-c1224/sites/imgstorage-c1224 {"name":"projects/imgstorage-c1224/sites/imgstorage-c1224","defaultUrl":"https://imgstorage-c1224.web.app","type":"DEFAULT_SITE"}
[debug] [2026-10-07T08:23:52.024Z] ----------------------------------------------------------------------
[debug] [2026-10-07T08:23:52.031Z] Command:       D:\Program Files\nodejs\node.exe C:\Users\mdtof\AppData\Local\npm-cache\_npx\ba4f1959e38407b5\node_modules\firebase-tools\lib\bin\firebase.js deploy --only hosting
[debug] [2026-10-07T08:23:52.032Z] CLI Version:   15.32.1
[debug] [2026-10-07T08:23:52.033Z] Platform:      win32
[debug] [2026-10-07T08:23:52.033Z] Node Version:  v24.21.0
[debug] [2026-10-07T08:23:52.034Z] Detected Agent: android_studio_agent
[debug] [2026-10-07T08:23:52.034Z] Time:          Wed Oct 07 2026 14:23:52 GMT+0600 (Bangladesh Standard Time)
[debug] [2026-10-07T08:23:52.034Z] ----------------------------------------------------------------------
[debug] 
[debug] [2026-10-07T08:23:55.117Z] > command requires scopes: ["email","openid","https://www.googleapis.com/auth/cloudplatformprojects.readonly","https://www.googleapis.com/auth/firebase","https://www.googleapis.com/auth/cloud-platform"]
[debug] [2026-10-07T08:23:55.119Z] > authorizing via signed-in user (bangoobit@gmail.com)
[debug] [2026-10-07T08:23:55.119Z] [iam] checking project imgstorage-c1224 for permissions ["firebase.projects.get","firebasehosting.sites.update"]
[debug] [2026-10-07T08:23:55.167Z] Checked if tokens are valid: true, expires at: 1791364428130
[debug] [2026-10-07T08:23:55.167Z] Checked if tokens are valid: true, expires at: 1791364428130
[debug] [2026-10-07T08:23:55.170Z] >>> [apiv2][query] POST https://cloudresourcemanager.googleapis.com/v1/projects/imgstorage-c1224:testIamPermissions [none]
[debug] [2026-10-07T08:23:55.170Z] >>> [apiv2][(partial)header] POST https://cloudresourcemanager.googleapis.com/v1/projects/imgstorage-c1224:testIamPermissions  x-goog-user-project=imgstorage-c1224
[debug] [2026-10-07T08:23:55.171Z] >>> [apiv2][body] POST https://cloudresourcemanager.googleapis.com/v1/projects/imgstorage-c1224:testIamPermissions {"permissions":["firebase.projects.get","firebasehosting.sites.update"]}
[debug] [2026-10-07T08:23:56.773Z] <<< [apiv2][status] POST https://cloudresourcemanager.googleapis.com/v1/projects/imgstorage-c1224:testIamPermissions 200
[debug] [2026-10-07T08:23:56.774Z] <<< [apiv2][body] POST https://cloudresourcemanager.googleapis.com/v1/projects/imgstorage-c1224:testIamPermissions {"permissions":["firebase.projects.get","firebasehosting.sites.update"]}
[debug] [2026-10-07T08:23:56.775Z] Checked if tokens are valid: true, expires at: 1791364428130
[debug] [2026-10-07T08:23:56.776Z] Checked if tokens are valid: true, expires at: 1791364428130
[debug] [2026-10-07T08:23:56.776Z] >>> [apiv2][query] GET https://firebase.googleapis.com/v1beta1/projects/imgstorage-c1224 [none]
[debug] [2026-10-07T08:23:57.461Z] <<< [apiv2][status] GET https://firebase.googleapis.com/v1beta1/projects/imgstorage-c1224 200
[debug] [2026-10-07T08:23:57.461Z] <<< [apiv2][body] GET https://firebase.googleapis.com/v1beta1/projects/imgstorage-c1224 {"projectId":"imgstorage-c1224","projectNumber":"930236936696","displayName":"imgstorage","name":"projects/imgstorage-c1224","resources":{"hostingSite":"imgstorage-c1224"},"state":"ACTIVE","labels":{"firebase":"enabled"},"etag":"1_211981da-c905-4e45-bd38-33a9d10ef291"}
[debug] [2026-10-07T08:24:04.057Z] defaultcredentials: writing to file C:\Users\mdtof\AppData\Roaming\firebase\bangoobit_gmail_com_application_default_credentials.json
[debug] [2026-10-07T08:24:04.065Z] Checked if tokens are valid: true, expires at: 1791364428130
[debug] [2026-10-07T08:24:04.065Z] Checked if tokens are valid: true, expires at: 1791364428130
[debug] [2026-10-07T08:24:04.066Z] >>> [apiv2][query] GET https://firebasehosting.googleapis.com/v1beta1/projects/imgstorage-c1224/sites pageToken=&pageSize=10
[debug] [2026-10-07T08:24:05.526Z] <<< [apiv2][status] GET https://firebasehosting.googleapis.com/v1beta1/projects/imgstorage-c1224/sites 200
[debug] [2026-10-07T08:24:05.526Z] <<< [apiv2][body] GET https://firebasehosting.googleapis.com/v1beta1/projects/imgstorage-c1224/sites {"sites":[{"name":"projects/imgstorage-c1224/sites/imgstorage-c1224","defaultUrl":"https://imgstorage-c1224.web.app","type":"DEFAULT_SITE"}]}
[debug] [2026-10-07T08:24:05.527Z] Checked if tokens are valid: true, expires at: 1791364428130
[debug] [2026-10-07T08:24:05.527Z] Checked if tokens are valid: true, expires at: 1791364428130
[debug] [2026-10-07T08:24:05.527Z] >>> [apiv2][query] GET https://firebasehosting.googleapis.com/v1beta1/projects/imgstorage-c1224/sites 
[debug] [2026-10-07T08:24:06.374Z] <<< [apiv2][status] GET https://firebasehosting.googleapis.com/v1beta1/projects/imgstorage-c1224/sites 200
[debug] [2026-10-07T08:24:06.374Z] <<< [apiv2][body] GET https://firebasehosting.googleapis.com/v1beta1/projects/imgstorage-c1224/sites {"sites":[{"name":"projects/imgstorage-c1224/sites/imgstorage-c1224","defaultUrl":"https://imgstorage-c1224.web.app","type":"DEFAULT_SITE"}]}
[debug] [2026-10-07T08:24:06.374Z] Checked if tokens are valid: true, expires at: 1791364428130
[debug] [2026-10-07T08:24:06.375Z] Checked if tokens are valid: true, expires at: 1791364428130
[debug] [2026-10-07T08:24:06.375Z] >>> [apiv2][query] GET https://firebase.googleapis.com/v1beta1/projects/imgstorage-c1224/webApps/-/config [none]
[debug] [2026-10-07T08:24:07.636Z] <<< [apiv2][status] GET https://firebase.googleapis.com/v1beta1/projects/imgstorage-c1224/webApps/-/config 200
[debug] [2026-10-07T08:24:07.636Z] <<< [apiv2][body] GET https://firebase.googleapis.com/v1beta1/projects/imgstorage-c1224/webApps/-/config {"projectId":"imgstorage-c1224","appId":"1:930236936696:web:a38dbcfcf60664774c660d","storageBucket":"imgstorage-c1224.firebasestorage.app","apiKey":"AIzaSyCfgodkab8NVnP4bbxQIUWDkEqZFff4J2I","authDomain":"imgstorage-c1224.firebaseapp.com","messagingSenderId":"930236936696","measurementId":"G-MZM301KPGW","projectNumber":"930236936696","version":"2"}
[info] 
   Thank you for trying our early preview of Next.js support on Firebase Hosting.
   During the preview, support is best-effort and breaking changes can be expected. Proceed with caution.
   The integration is known to work with Next.js version 12 - 16.0. You may encounter errors.

   Documentation: https://firebase.google.com/docs/hosting/frameworks/nextjs
   File a bug: https://github.com/firebase/firebase-tools/issues/new?template=bug_report.md
   Submit a feature request: https://github.com/firebase/firebase-tools/issues/new?template=feature_request.md

   We'd love to learn from you. Express your interest in helping us shape the future of Firebase Hosting: https://goo.gle/41enW5X

[debug] [2026-10-07T08:24:24.187Z] Checked if tokens are valid: true, expires at: 1791364428130
[debug] [2026-10-07T08:24:24.187Z] Checked if tokens are valid: true, expires at: 1791364428130
[debug] [2026-10-07T08:24:24.187Z] >>> [apiv2][query] GET https://firebasehosting.googleapis.com/v1beta1/projects/imgstorage-c1224/sites/imgstorage-c1224 [none]
[debug] [2026-10-07T08:24:25.419Z] <<< [apiv2][status] GET https://firebasehosting.googleapis.com/v1beta1/projects/imgstorage-c1224/sites/imgstorage-c1224 200
[debug] [2026-10-07T08:24:25.420Z] <<< [apiv2][body] GET https://firebasehosting.googleapis.com/v1beta1/projects/imgstorage-c1224/sites/imgstorage-c1224 {"name":"projects/imgstorage-c1224/sites/imgstorage-c1224","defaultUrl":"https://imgstorage-c1224.web.app","type":"DEFAULT_SITE"}
[info] ⚠ `images.domains` is deprecated in favor of `images.remotePatterns`. Please update next.config.ts to protect your application from malicious users.

[info] ▲ Next.js 16.2.2 (Turbopack)

[info] - Environments: .env
- Experiments (use with caution):
  · staleTimes


[info]   Creating an optimized production build ...

[info] ✓ Compiled successfully in 13.2s

[info]   Running TypeScript ...

[info]   Finished TypeScript in 9.9s ...

[info]   Collecting page data using 7 workers ...

[info]   Generating static pages using 7 workers (0/10) ...

[info]   Generating static pages using 7 workers (2/10) 

[info]   Generating static pages using 7 workers (4/10) 

[info]   Generating static pages using 7 workers (7/10) 

[info] ✓ Generating static pages using 7 workers (10/10) in 1227ms

[info]   Finalizing page optimization ...

[info] 

[info] Route (app)
┌ ○ /
├ ○ /_not-found
├ ƒ /api/auth/[...nextauth]
├ ƒ /api/images/[slug]
├ ƒ /api/keys
├ ƒ /api/keys/[id]
├ ƒ /api/telegram-config
├ ƒ /api/v1/images
├ ƒ /api/v1/images/[slug]
├ ƒ /api/v1/upload
├ ƒ /api/v1/upload-dashboard
├ ƒ /dashboard
├ ƒ /dashboard/api-keys
├ ƒ /dashboard/docs
├ ƒ /dashboard/images
├ ○ /dashboard/telegram
├ ƒ /i/[slug]
├ ○ /login
├ ○ /privacy
└ ○ /terms


[info] 
○  (Static)   prerendered as static content
ƒ  (Dynamic)  server-rendered on demand


[info] Building a Cloud Function to run this application. This is needed due to:
[info]  • non-static component /api/auth/[...nextauth]/route
[info]  • non-static component /api/images/[slug]/route
[info]  • non-static component /api/keys/[id]/route
[info]  • non-static component /api/keys/route
[info]  • non-static component /api/telegram-config/route
[debug] [2026-10-07T08:25:01.249Z]  • non-static component /api/v1/images/[slug]/route
[debug] [2026-10-07T08:25:01.249Z]  • non-static component /api/v1/images/route
[debug] [2026-10-07T08:25:01.249Z]  • non-static component /api/v1/upload-dashboard/route
[debug] [2026-10-07T08:25:01.249Z]  • non-static component /api/v1/upload/route
[debug] [2026-10-07T08:25:01.249Z]  • non-static component /dashboard/api-keys/page
[debug] [2026-10-07T08:25:01.249Z]  • non-static component /dashboard/docs/page
[debug] [2026-10-07T08:25:01.249Z]  • non-static component /dashboard/images/page
[debug] [2026-10-07T08:25:01.249Z]  • non-static component /dashboard/page
[debug] [2026-10-07T08:25:01.249Z]  • non-static component /i/[slug]/route
[info]  • and 9 other reasons, use --debug to see more
[info] 
[debug] [2026-10-07T08:25:10.754Z] Checked if tokens are valid: true, expires at: 1791364428130
[debug] [2026-10-07T08:25:10.754Z] Checked if tokens are valid: true, expires at: 1791364428130
[debug] [2026-10-07T08:25:10.754Z] >>> [apiv2][query] GET https://firebasehosting.googleapis.com/v1beta1/projects/imgstorage-c1224/sites/imgstorage-c1224 [none]
[debug] [2026-10-07T08:25:11.925Z] <<< [apiv2][status] GET https://firebasehosting.googleapis.com/v1beta1/projects/imgstorage-c1224/sites/imgstorage-c1224 200
[debug] [2026-10-07T08:25:11.925Z] <<< [apiv2][body] GET https://firebasehosting.googleapis.com/v1beta1/projects/imgstorage-c1224/sites/imgstorage-c1224 {"name":"projects/imgstorage-c1224/sites/imgstorage-c1224","defaultUrl":"https://imgstorage-c1224.web.app","type":"DEFAULT_SITE"}
[debug] [2026-10-07T08:29:12.382Z] ----------------------------------------------------------------------
[debug] [2026-10-07T08:29:12.391Z] Command:       D:\Program Files\nodejs\node.exe C:\Users\mdtof\AppData\Local\npm-cache\_npx\ba4f1959e38407b5\node_modules\firebase-tools\lib\bin\firebase.js deploy --only hosting
[debug] [2026-10-07T08:29:12.392Z] CLI Version:   15.32.1
[debug] [2026-10-07T08:29:12.392Z] Platform:      win32
[debug] [2026-10-07T08:29:12.392Z] Node Version:  v24.21.0
[debug] [2026-10-07T08:29:12.393Z] Detected Agent: android_studio_agent
[debug] [2026-10-07T08:29:12.393Z] Time:          Wed Oct 07 2026 14:29:12 GMT+0600 (Bangladesh Standard Time)
[debug] [2026-10-07T08:29:12.393Z] ----------------------------------------------------------------------
[debug] 
[debug] [2026-10-07T08:29:18.390Z] > command requires scopes: ["email","openid","https://www.googleapis.com/auth/cloudplatformprojects.readonly","https://www.googleapis.com/auth/firebase","https://www.googleapis.com/auth/cloud-platform"]
[debug] [2026-10-07T08:29:18.391Z] > authorizing via signed-in user (bangoobit@gmail.com)
[debug] [2026-10-07T08:29:18.391Z] [iam] checking project imgstorage-c1224 for permissions ["firebase.projects.get","firebasehosting.sites.update"]
[debug] [2026-10-07T08:29:18.458Z] Checked if tokens are valid: true, expires at: 1791364428130
[debug] [2026-10-07T08:29:18.458Z] Checked if tokens are valid: true, expires at: 1791364428130
[debug] [2026-10-07T08:29:18.464Z] >>> [apiv2][query] POST https://cloudresourcemanager.googleapis.com/v1/projects/imgstorage-c1224:testIamPermissions [none]
[debug] [2026-10-07T08:29:18.466Z] >>> [apiv2][(partial)header] POST https://cloudresourcemanager.googleapis.com/v1/projects/imgstorage-c1224:testIamPermissions  x-goog-user-project=imgstorage-c1224
[debug] [2026-10-07T08:29:18.466Z] >>> [apiv2][body] POST https://cloudresourcemanager.googleapis.com/v1/projects/imgstorage-c1224:testIamPermissions {"permissions":["firebase.projects.get","firebasehosting.sites.update"]}
[debug] [2026-10-07T08:29:20.031Z] <<< [apiv2][status] POST https://cloudresourcemanager.googleapis.com/v1/projects/imgstorage-c1224:testIamPermissions 200
[debug] [2026-10-07T08:29:20.032Z] <<< [apiv2][body] POST https://cloudresourcemanager.googleapis.com/v1/projects/imgstorage-c1224:testIamPermissions {"permissions":["firebase.projects.get","firebasehosting.sites.update"]}
[debug] [2026-10-07T08:29:20.034Z] Checked if tokens are valid: true, expires at: 1791364428130
[debug] [2026-10-07T08:29:20.035Z] Checked if tokens are valid: true, expires at: 1791364428130
[debug] [2026-10-07T08:29:20.035Z] >>> [apiv2][query] GET https://firebase.googleapis.com/v1beta1/projects/imgstorage-c1224 [none]
[debug] [2026-10-07T08:29:20.629Z] <<< [apiv2][status] GET https://firebase.googleapis.com/v1beta1/projects/imgstorage-c1224 200
[debug] [2026-10-07T08:29:20.630Z] <<< [apiv2][body] GET https://firebase.googleapis.com/v1beta1/projects/imgstorage-c1224 {"projectId":"imgstorage-c1224","projectNumber":"930236936696","displayName":"imgstorage","name":"projects/imgstorage-c1224","resources":{"hostingSite":"imgstorage-c1224"},"state":"ACTIVE","labels":{"firebase":"enabled"},"etag":"1_211981da-c905-4e45-bd38-33a9d10ef291"}
[debug] [2026-10-07T08:29:34.151Z] defaultcredentials: writing to file C:\Users\mdtof\AppData\Roaming\firebase\bangoobit_gmail_com_application_default_credentials.json
[debug] [2026-10-07T08:29:34.166Z] Checked if tokens are valid: true, expires at: 1791364428130
[debug] [2026-10-07T08:29:34.167Z] Checked if tokens are valid: true, expires at: 1791364428130
[debug] [2026-10-07T08:29:34.168Z] >>> [apiv2][query] GET https://firebasehosting.googleapis.com/v1beta1/projects/imgstorage-c1224/sites pageToken=&pageSize=10
[debug] [2026-10-07T08:29:35.729Z] <<< [apiv2][status] GET https://firebasehosting.googleapis.com/v1beta1/projects/imgstorage-c1224/sites 200
[debug] [2026-10-07T08:29:35.729Z] <<< [apiv2][body] GET https://firebasehosting.googleapis.com/v1beta1/projects/imgstorage-c1224/sites {"sites":[{"name":"projects/imgstorage-c1224/sites/imgstorage-c1224","defaultUrl":"https://imgstorage-c1224.web.app","type":"DEFAULT_SITE"}]}
[debug] [2026-10-07T08:29:35.730Z] Checked if tokens are valid: true, expires at: 1791364428130
[debug] [2026-10-07T08:29:35.731Z] Checked if tokens are valid: true, expires at: 1791364428130
[debug] [2026-10-07T08:29:35.732Z] >>> [apiv2][query] GET https://firebasehosting.googleapis.com/v1beta1/projects/imgstorage-c1224/sites 
[debug] [2026-10-07T08:29:36.572Z] <<< [apiv2][status] GET https://firebasehosting.googleapis.com/v1beta1/projects/imgstorage-c1224/sites 200
[debug] [2026-10-07T08:29:36.572Z] <<< [apiv2][body] GET https://firebasehosting.googleapis.com/v1beta1/projects/imgstorage-c1224/sites {"sites":[{"name":"projects/imgstorage-c1224/sites/imgstorage-c1224","defaultUrl":"https://imgstorage-c1224.web.app","type":"DEFAULT_SITE"}]}
[debug] [2026-10-07T08:29:36.573Z] Checked if tokens are valid: true, expires at: 1791364428130
[debug] [2026-10-07T08:29:36.573Z] Checked if tokens are valid: true, expires at: 1791364428130
[debug] [2026-10-07T08:29:36.573Z] >>> [apiv2][query] GET https://firebase.googleapis.com/v1beta1/projects/imgstorage-c1224/webApps/-/config [none]
[debug] [2026-10-07T08:29:38.085Z] <<< [apiv2][status] GET https://firebase.googleapis.com/v1beta1/projects/imgstorage-c1224/webApps/-/config 200
[debug] [2026-10-07T08:29:38.085Z] <<< [apiv2][body] GET https://firebase.googleapis.com/v1beta1/projects/imgstorage-c1224/webApps/-/config {"projectId":"imgstorage-c1224","appId":"1:930236936696:web:a38dbcfcf60664774c660d","storageBucket":"imgstorage-c1224.firebasestorage.app","apiKey":"AIzaSyCfgodkab8NVnP4bbxQIUWDkEqZFff4J2I","authDomain":"imgstorage-c1224.firebaseapp.com","messagingSenderId":"930236936696","measurementId":"G-MZM301KPGW","projectNumber":"930236936696","version":"2"}
[info] 
   Thank you for trying our early preview of Next.js support on Firebase Hosting.
   During the preview, support is best-effort and breaking changes can be expected. Proceed with caution.
   The integration is known to work with Next.js version 12 - 16.0. You may encounter errors.

   Documentation: https://firebase.google.com/docs/hosting/frameworks/nextjs
   File a bug: https://github.com/firebase/firebase-tools/issues/new?template=bug_report.md
   Submit a feature request: https://github.com/firebase/firebase-tools/issues/new?template=feature_request.md

   We'd love to learn from you. Express your interest in helping us shape the future of Firebase Hosting: https://goo.gle/41enW5X

[debug] [2026-10-07T08:30:04.242Z] Checked if tokens are valid: true, expires at: 1791364428130
[debug] [2026-10-07T08:30:04.242Z] Checked if tokens are valid: true, expires at: 1791364428130
[debug] [2026-10-07T08:30:04.243Z] >>> [apiv2][query] GET https://firebasehosting.googleapis.com/v1beta1/projects/imgstorage-c1224/sites/imgstorage-c1224 [none]
[debug] [2026-10-07T08:30:05.715Z] <<< [apiv2][status] GET https://firebasehosting.googleapis.com/v1beta1/projects/imgstorage-c1224/sites/imgstorage-c1224 200
[debug] [2026-10-07T08:30:05.716Z] <<< [apiv2][body] GET https://firebasehosting.googleapis.com/v1beta1/projects/imgstorage-c1224/sites/imgstorage-c1224 {"name":"projects/imgstorage-c1224/sites/imgstorage-c1224","defaultUrl":"https://imgstorage-c1224.web.app","type":"DEFAULT_SITE"}
[info] ⚠ `images.domains` is deprecated in favor of `images.remotePatterns`. Please update next.config.ts to protect your application from malicious users.

[info] ▲ Next.js 16.2.2 (Turbopack)

[info] - Environments: .env
- Experiments (use with caution):
  · staleTimes


[info]   Creating an optimized production build ...

[info] ✓ Compiled successfully in 27.4s

[info]   Running TypeScript ...

[info]   Finished TypeScript in 20.0s ...

[info]   Collecting page data using 7 workers ...

